// Jest Snapshot v1, https://goo.gl/fbAQLP

exports[`<OptForm /> remders the <OptForm /> with populated data 1`] = `
<div
  class="opt-form__Container-sc-wdq7id-0 HPaiL"
>
  <input
    class="opt-form__Input-sc-wdq7id-1 bGQjXy"
    placeholder="Email address"
  />
  <button
    class="opt-form__Button-sc-wdq7id-2 jMVECx"
  >
    Try it now
    <img
      alt="Try now"
      src="/images/icons/chevron-right.png"
    />
  </button>
  <div
    class="opt-form__Break-sc-wdq7id-3 bypRmq"
  />
  <p
    class="opt-form__Text-sc-wdq7id-4 gzEjda"
  >
    Ready to watch? Enter your email to create or restart your membership.
  </p>
</div>
`;
